Build started 2/1/2026 12:16:40 PM.
     1>Project "C:\Users\LENOVO\Desktop\personalAi\PersonalAiOverlay.App\PersonalAiOverlay.App.csproj" on node 1 (Restore target(s)).
     1>_GetAllRestoreProjectPathItems:
         Determining projects to restore...
       Restore:
         X.509 certificate chain validation will use the default trust store selected by .NET for code signing.
         X.509 certificate chain validation will use the default trust store selected by .NET for timestamping.
         Assets file has not changed. Skipping assets file writing. Path: C:\Users\LENOVO\Desktop\personalAi\PersonalAiOverlay.Core\obj\project.assets.json
         Assets file has not changed. Skipping assets file writing. Path: C:\Users\LENOVO\Desktop\personalAi\PersonalAiOverlay.App\obj\project.assets.json
         Restored C:\Users\LENOVO\Desktop\personalAi\PersonalAiOverlay.Core\PersonalAiOverlay.Core.csproj (in 48 ms).
         Restored C:\Users\LENOVO\Desktop\personalAi\PersonalAiOverlay.App\PersonalAiOverlay.App.csproj (in 48 ms).
         
         NuGet Config files used:
             C:\Users\LENOVO\AppData\Roaming\NuGet\NuGet.Config
         
         Feeds used:
             https://api.nuget.org/v3/index.json
         All projects are up-to-date for restore.
     1>Done Building Project "C:\Users\LENOVO\Desktop\personalAi\PersonalAiOverlay.App\PersonalAiOverlay.App.csproj" (Restore target(s)).
   1:7>Project "C:\Users\LENOVO\Desktop\personalAi\PersonalAiOverlay.App\PersonalAiOverlay.App.csproj" on node 1 (default targets).
   1:7>Project "C:\Users\LENOVO\Desktop\personalAi\PersonalAiOverlay.App\PersonalAiOverlay.App.csproj" (1:7) is building "C:\Users\LENOVO\Desktop\personalAi\PersonalAiOverlay.Core\PersonalAiOverlay.Core.csproj" (2:6) on node 1 (default targets).
     2>GenerateTargetFrameworkMonikerAttribute:
       Skipping target "GenerateTargetFrameworkMonikerAttribute" because all output files are up-to-date with respect to the input files.
       CoreGenerateAssemblyInfo:
       Skipping target "CoreGenerateAssemblyInfo" because all output files are up-to-date with respect to the input files.
       _GenerateSourceLinkFile:
         Source Link file 'obj\Debug\net8.0\PersonalAiOverlay.Core.sourcelink.json' is up-to-date.
       CoreCompile:
       Skipping target "CoreCompile" because all output files are up-to-date with respect to the input files.
       GenerateBuildDependencyFile:
       Skipping target "GenerateBuildDependencyFile" because all output files are up-to-date with respect to the input files.
       CopyFilesToOutputDirectory:
         PersonalAiOverlay.Core -> C:\Users\LENOVO\Desktop\personalAi\PersonalAiOverlay.Core\bin\Debug\net8.0\PersonalAiOverlay.Core.dll
     2>Done Building Project "C:\Users\LENOVO\Desktop\personalAi\PersonalAiOverlay.Core\PersonalAiOverlay.Core.csproj" (default targets).
     1>GenerateTemporaryTargetAssembly:
         Copying file from "C:\Users\LENOVO\Desktop\personalAi\PersonalAiOverlay.App\obj\PersonalAiOverlay.App.csproj.nuget.g.props" to "C:\Users\LENOVO\Desktop\personalAi\PersonalAiOverlay.App\obj\PersonalAiOverlay.App_jl2j1hnf_wpftmp.csproj.nuget.g.props".
         Copying file from "C:\Users\LENOVO\Desktop\personalAi\PersonalAiOverlay.App\obj\PersonalAiOverlay.App.csproj.nuget.g.targets" to "C:\Users\LENOVO\Desktop\personalAi\PersonalAiOverlay.App\obj\PersonalAiOverlay.App_jl2j1hnf_wpftmp.csproj.nuget.g.targets".
         Copying file from "C:\Users\LENOVO\Desktop\personalAi\PersonalAiOverlay.App\obj\PersonalAiOverlay.App.csproj.nuget.dgspec.json" to "C:\Users\LENOVO\Desktop\personalAi\PersonalAiOverlay.App\obj\PersonalAiOverlay.App_jl2j1hnf_wpftmp.csproj.nuget.dgspec.json".
   1:7>Project "C:\Users\LENOVO\Desktop\personalAi\PersonalAiOverlay.App\PersonalAiOverlay.App.csproj" (1:7) is building "C:\Users\LENOVO\Desktop\personalAi\PersonalAiOverlay.App\PersonalAiOverlay.App_jl2j1hnf_wpftmp.csproj" (3) on node 1 (_CompileTemporaryAssembly target(s)).
     3>GenerateTargetFrameworkMonikerAttribute:
       Skipping target "GenerateTargetFrameworkMonikerAttribute" because all output files are up-to-date with respect to the input files.
       _GenerateSourceLinkFile:
         Updating Source Link file 'obj\Debug\net8.0-windows\PersonalAiOverlay.App_jl2j1hnf_wpftmp.sourcelink.json'.
       CoreCompile:
         C:\Program Files\dotnet\dotnet.exe exec "C:\Program Files\dotnet\sdk\8.0.401\Roslyn\bincore\csc.dll" /noconfig /unsafe- /checked- /nowarn:1701,1702,1701,1702 /fullpaths /nostdlib+ /errorreport:prompt /warn:8 /define:TRACE;DEBUG;NET;NET8_0;NETCOREAPP;WINDOWS;WINDOWS7_0;NET5_0_OR_GREATER;NET6_0_OR_GREATER;NET7_0_OR_GREATER;NET8_0_OR_GREATER;NETCOREAPP3_0_OR_GREATER;NETCOREAPP3_1_OR_GREATER;WINDOWS7_0_OR_GREATER /highentropyva+ /nullable:enable /reference:"C:\Program Files\dotnet\packs\Microsoft.WindowsDesktop.App.Ref\8.0.8\ref\net8.0\Accessibility.dll" /reference:"C:\Program Files\dotnet\packs\Microsoft.NETCore.App.Ref\8.0.8\ref\net8.0\Microsoft.CSharp.dll" /reference:"C:\Program Files\dotnet\packs\Microsoft.NETCore.App.Ref\8.0.8\ref\net8.0\Microsoft.VisualBasic.Core.dll" /reference:"C:\Program Files\dotnet\packs\Microsoft.WindowsDesktop.App.Ref\8.0.8\ref\net8.0\Microsoft.VisualBasic.dll" /reference:"C:\Program Files\dotnet\packs\Microsoft.WindowsDesktop.App.Ref\8.0.8\ref\net8.0\Microsoft.VisualBasic.Forms.dll" /reference:"C:\Program Files\dotnet\packs\Microsoft.NETCore.App.Ref\8.0.8\ref\net8.0\Microsoft.Win32.Primitives.dll" /reference:"C:\Program Files\dotnet\packs\Microsoft.WindowsDesktop.App.Ref\8.0.8\ref\net8.0\Microsoft.Win32.Registry.AccessControl.dll" /reference:"C:\Program Files\dotnet\packs\Microsoft.NETCore.App.Ref\8.0.8\ref\net8.0\Microsoft.Win32.Registry.dll" /reference:"C:\Program Files\dotnet\packs\Microsoft.WindowsDesktop.App.Ref\8.0.8\ref\net8.0\Microsoft.Win32.SystemEvents.dll" /reference:"C:\Program Files\dotnet\packs\Microsoft.NETCore.App.Ref\8.0.8\ref\net8.0\mscorlib.dll" /reference:"C:\Program Files\dotnet\packs\Microsoft.NETCore.App.Ref\8.0.8\ref\net8.0\netstandard.dll" /reference:C:\Users\LENOVO\Desktop\personalAi\PersonalAiOverlay.Core\bin\Debug\net8.0\PersonalAiOverlay.Core.dll /reference:"C:\Program Files\dotnet\packs\Microsoft.WindowsDesktop.App.Ref\8.0.8\ref\net8.0\PresentationCore.dll" /reference:"C:\Program Files\dotnet\packs\Microsoft.WindowsDesktop.App.Ref\8.0.8\ref\net8.0\PresentationFramework.Aero.dll" /reference:"C:\Program Files\dotnet\packs\Microsoft.WindowsDesktop.App.Ref\8.0.8\ref\net8.0\PresentationFramework.Aero2.dll" /reference:"C:\Program Files\dotnet\packs\Microsoft.WindowsDesktop.App.Ref\8.0.8\ref\net8.0\PresentationFramework.AeroLite.dll" /reference:"C:\Program Files\dotnet\packs\Microsoft.WindowsDesktop.App.Ref\8.0.8\ref\net8.0\PresentationFramework.Classic.dll" /reference:"C:\Program Files\dotnet\packs\Microsoft.WindowsDesktop.App.Ref\8.0.8\ref\net8.0\PresentationFramework.dll" /reference:"C:\Program Files\dotnet\packs\Microsoft.WindowsDesktop.App.Ref\8.0.8\ref\net8.0\PresentationFramework.Luna.dll" /reference:"C:\Program Files\dotnet\packs\Microsoft.WindowsDesktop.App.Ref\8.0.8\ref\net8.0\PresentationFramework.Royale.dll" /reference:"C:\Program Files\dotnet\packs\Microsoft.WindowsDesktop.App.Ref\8.0.8\ref\net8.0\PresentationUI.dll" /reference:"C:\Program Files\dotnet\packs\Microsoft.WindowsDesktop.App.Ref\8.0.8\ref\net8.0\ReachFramework.dll" /reference:"C:\Program Files\dotnet\packs\Microsoft.NETCore.App.Ref\8.0.8\ref\net8.0\System.AppContext.dll" /reference:"C:\Program Files\dotnet\packs\Microsoft.NETCore.App.Ref\8.0.8\ref\net8.0\System.Buffers.dll" /reference:"C:\Program Files\dotnet\packs\Microsoft.WindowsDesktop.App.Ref\8.0.8\ref\net8.0\System.CodeDom.dll" /reference:"C:\Program Files\dotnet\packs\Microsoft.NETCore.App.Ref\8.0.8\ref\net8.0\System.Collections.Concurrent.dll" /reference:"C:\Program Files\dotnet\packs\Microsoft.NETCore.App.Ref\8.0.8\ref\net8.0\System.Collections.dll" /reference:"C:\Program Files\dotnet\packs\Microsoft.NETCore.App.Ref\8.0.8\ref\net8.0\System.Collections.Immutable.dll" /reference:"C:\Program Files\dotnet\packs\Microsoft.NETCore.App.Ref\8.0.8\ref\net8.0\System.Collections.NonGeneric.dll" /reference:"C:\Program Files\dotnet\packs\Microsoft.NETCore.App.Ref\8.0.8\ref\net8.0\System.Collections.Specialized.dll" /reference:"C:\Program Files\dotnet\packs\Microsoft.NETCore.App.Ref\8.0.8\ref\net8.0\System.ComponentModel.Annotations.dll" /reference:"C:\Program Files\dotnet\packs\Microsoft.NETCore.App.Ref\8.0.8\ref\net8.0\System.ComponentModel.DataAnnotations.dll" /reference:"C:\Program Files\dotnet\packs\Microsoft.NETCore.App.Ref\8.0.8\ref\net8.0\System.ComponentModel.dll" /reference:"C:\Program Files\dotnet\packs\Microsoft.NETCore.App.Ref\8.0.8\ref\net8.0\System.ComponentModel.EventBasedAsync.dll" /reference:"C:\Program Files\dotnet\packs\Microsoft.NETCore.App.Ref\8.0.8\ref\net8.0\System.ComponentModel.Primitives.dll" /reference:"C:\Program Files\dotnet\packs\Microsoft.NETCore.App.Ref\8.0.8\ref\net8.0\System.ComponentModel.TypeConverter.dll" /reference:"C:\Program Files\dotnet\packs\Microsoft.WindowsDesktop.App.Ref\8.0.8\ref\net8.0\System.Configuration.ConfigurationManager.dll" /reference:"C:\Program Files\dotnet\packs\Microsoft.NETCore.App.Ref\8.0.8\ref\net8.0\System.Configuration.dll" /reference:"C:\Program Files\dotnet\packs\Microsoft.NETCore.App.Ref\8.0.8\ref\net8.0\System.Console.dll" /reference:"C:\Program Files\dotnet\packs\Microsoft.NETCore.App.Ref\8.0.8\ref\net8.0\System.Core.dll" /reference:"C:\Program Files\dotnet\packs\Microsoft.NETCore.App.Ref\8.0.8\ref\net8.0\System.Data.Common.dll" /reference:"C:\Program Files\dotnet\packs\Microsoft.NETCore.App.Ref\8.0.8\ref\net8.0\System.Data.DataSetExtensions.dll" /reference:"C:\Program Files\dotnet\packs\Microsoft.NETCore.App.Ref\8.0.8\ref\net8.0\System.Data.dll" /reference:"C:\Program Files\dotnet\packs\Microsoft.WindowsDesktop.App.Ref\8.0.8\ref\net8.0\System.Design.dll" /reference:"C:\Program Files\dotnet\packs\Microsoft.NETCore.App.Ref\8.0.8\ref\net8.0\System.Diagnostics.Contracts.dll" /reference:"C:\Program Files\dotnet\packs\Microsoft.NETCore.App.Ref\8.0.8\ref\net8.0\System.Diagnostics.Debug.dll" /reference:"C:\Program Files\dotnet\packs\Microsoft.NETCore.App.Ref\8.0.8\ref\net8.0\System.Diagnostics.DiagnosticSource.dll" /reference:"C:\Program Files\dotnet\packs\Microsoft.WindowsDesktop.App.Ref\8.0.8\ref\net8.0\System.Diagnostics.EventLog.dll" /reference:"C:\Program Files\dotnet\packs\Microsoft.NETCore.App.Ref\8.0.8\ref\net8.0\System.Diagnostics.FileVersionInfo.dll" /reference:"C:\Program Files\dotnet\packs\Microsoft.WindowsDesktop.App.Ref\8.0.8\ref\net8.0\System.Diagnostics.PerformanceCounter.dll" /reference:"C:\Program Files\dotnet\packs\Microsoft.NETCore.App.Ref\8.0.8\ref\net8.0\System.Diagnostics.Process.dll" /reference:"C:\Program Files\dotnet\packs\Microsoft.NETCore.App.Ref\8.0.8\ref\net8.0\System.Diagnostics.StackTrace.dll" /reference:"C:\Program Files\dotnet\packs\Microsoft.NETCore.App.Ref\8.0.8\ref\net8.0\System.Diagnostics.TextWriterTraceListener.dll" /reference:"C:\Program Files\dotnet\packs\Microsoft.NETCore.App.Ref\8.0.8\ref\net8.0\System.Diagnostics.Tools.dll" /reference:"C:\Program Files\dotnet\packs\Microsoft.NETCore.App.Ref\8.0.8\ref\net8.0\System.Diagnostics.TraceSource.dll" /reference:"C:\Program Files\dotnet\packs\Microsoft.NETCore.App.Ref\8.0.8\ref\net8.0\System.Diagnostics.Tracing.dll" /reference:"C:\Program Files\dotnet\packs\Microsoft.WindowsDesktop.App.Ref\8.0.8\ref\net8.0\System.DirectoryServices.dll" /reference:"C:\Program Files\dotnet\packs\Microsoft.NETCore.App.Ref\8.0.8\ref\net8.0\System.dll" /reference:"C:\Program Files\dotnet\packs\Microsoft.WindowsDesktop.App.Ref\8.0.8\ref\net8.0\System.Drawing.Common.dll" /reference:"C:\Program Files\dotnet\packs\Microsoft.WindowsDesktop.App.Ref\8.0.8\ref\net8.0\System.Drawing.Design.dll" /reference:"C:\Program Files\dotnet\packs\Microsoft.WindowsDesktop.App.Ref\8.0.8\ref\net8.0\System.Drawing.dll" /reference:"C:\Program Files\dotnet\packs\Microsoft.NETCore.App.Ref\8.0.8\ref\net8.0\System.Drawing.Primitives.dll" /reference:"C:\Program Files\dotnet\packs\Microsoft.NETCore.App.Ref\8.0.8\ref\net8.0\System.Dynamic.Runtime.dll" /reference:"C:\Program Files\dotnet\packs\Microsoft.NETCore.App.Ref\8.0.8\ref\net8.0\System.Formats.Asn1.dll" /reference:"C:\Program Files\dotnet\packs\Microsoft.NETCore.App.Ref\8.0.8\ref\net8.0\System.Formats.Tar.dll" /reference:"C:\Program Files\dotnet\packs\Microsoft.NETCore.App.Ref\8.0.8\ref\net8.0\System.Globalization.Calendars.dll" /reference:"C:\Program Files\dotnet\packs\Microsoft.NETCore.App.Ref\8.0.8\ref\net8.0\System.Globalization.dll" /reference:"C:\Program Files\dotnet\packs\Microsoft.NETCore.App.Ref\8.0.8\ref\net8.0\System.Globalization.Extensions.dll" /reference:"C:\Program Files\dotnet\packs\Microsoft.NETCore.App.Ref\8.0.8\ref\net8.0\System.IO.Compression.Brotli.dll" /reference:"C:\Program Files\dotnet\packs\Microsoft.NETCore.App.Ref\8.0.8\ref\net8.0\System.IO.Compression.dll" /reference:"C:\Program Files\dotnet\packs\Microsoft.NETCore.App.Ref\8.0.8\ref\net8.0\System.IO.Compression.FileSystem.dll" /reference:"C:\Program Files\dotnet\packs\Microsoft.NETCore.App.Ref\8.0.8\ref\net8.0\System.IO.Compression.ZipFile.dll" /reference:"C:\Program Files\dotnet\packs\Microsoft.NETCore.App.Ref\8.0.8\ref\net8.0\System.IO.dll" /reference:"C:\Program Files\dotnet\packs\Microsoft.NETCore.App.Ref\8.0.8\ref\net8.0\System.IO.FileSystem.AccessControl.dll" /reference:"C:\Program Files\dotnet\packs\Microsoft.NETCore.App.Ref\8.0.8\ref\net8.0\System.IO.FileSystem.dll" /reference:"C:\Program Files\dotnet\packs\Microsoft.NETCore.App.Ref\8.0.8\ref\net8.0\System.IO.FileSystem.DriveInfo.dll" /reference:"C:\Program Files\dotnet\packs\Microsoft.NETCore.App.Ref\8.0.8\ref\net8.0\System.IO.FileSystem.Primitives.dll" /reference:"C:\Program Files\dotnet\packs\Microsoft.NETCore.App.Ref\8.0.8\ref\net8.0\System.IO.FileSystem.Watcher.dll" /reference:"C:\Program Files\dotnet\packs\Microsoft.NETCore.App.Ref\8.0.8\ref\net8.0\System.IO.IsolatedStorage.dll" /reference:"C:\Program Files\dotnet\packs\Microsoft.NETCore.App.Ref\8.0.8\ref\net8.0\System.IO.MemoryMappedFiles.dll" /reference:"C:\Program Files\dotnet\packs\Microsoft.WindowsDesktop.App.Ref\8.0.8\ref\net8.0\System.IO.Packaging.dll" /reference:"C:\Program Files\dotnet\packs\Microsoft.NETCore.App.Ref\8.0.8\ref\net8.0\System.IO.Pipes.AccessControl.dll" /reference:"C:\Program Files\dotnet\packs\Microsoft.NETCore.App.Ref\8.0.8\ref\net8.0\System.IO.Pipes.dll" /reference:"C:\Program Files\dotnet\packs\Microsoft.NETCore.App.Ref\8.0.8\ref\net8.0\System.IO.UnmanagedMemoryStream.dll" /reference:"C:\Program Files\dotnet\packs\Microsoft.NETCore.App.Ref\8.0.8\ref\net8.0\System.Linq.dll" /reference:"C:\Program Files\dotnet\packs\Microsoft.NETCore.App.Ref\8.0.8\ref\net8.0\System.Linq.Expressions.dll" /reference:"C:\Program Files\dotnet\packs\Microsoft.NETCore.App.Ref\8.0.8\ref\net8.0\System.Linq.Parallel.dll" /reference:"C:\Program Files\dotnet\packs\Microsoft.NETCore.App.Ref\8.0.8\ref\net8.0\System.Linq.Queryable.dll" /reference:"C:\Program Files\dotnet\packs\Microsoft.NETCore.App.Ref\8.0.8\ref\net8.0\System.Memory.dll" /reference:"C:\Program Files\dotnet\packs\Microsoft.NETCore.App.Ref\8.0.8\ref\net8.0\System.Net.dll" /reference:"C:\Program Files\dotnet\packs\Microsoft.NETCore.App.Ref\8.0.8\ref\net8.0\System.Net.Http.dll" /reference:"C:\Program Files\dotnet\packs\Microsoft.NETCore.App.Ref\8.0.8\ref\net8.0\System.Net.Http.Json.dll" /reference:"C:\Program Files\dotnet\packs\Microsoft.NETCore.App.Ref\8.0.8\ref\net8.0\System.Net.HttpListener.dll" /reference:"C:\Program Files\dotnet\packs\Microsoft.NETCore.App.Ref\8.0.8\ref\net8.0\System.Net.Mail.dll" /reference:"C:\Program Files\dotnet\packs\Microsoft.NETCore.App.Ref\8.0.8\ref\net8.0\System.Net.NameResolution.dll" /reference:"C:\Program Files\dotnet\packs\Microsoft.NETCore.App.Ref\8.0.8\ref\net8.0\System.Net.NetworkInformation.dll" /reference:"C:\Program Files\dotnet\packs\Microsoft.NETCore.App.Ref\8.0.8\ref\net8.0\System.Net.Ping.dll" /reference:"C:\Program Files\dotnet\packs\Microsoft.NETCore.App.Ref\8.0.8\ref\net8.0\System.Net.Primitives.dll" /reference:"C:\Program Files\dotnet\packs\Microsoft.NETCore.App.Ref\8.0.8\ref\net8.0\System.Net.Quic.dll" /reference:"C:\Program Files\dotnet\packs\Microsoft.NETCore.App.Ref\8.0.8\ref\net8.0\System.Net.Requests.dll" /reference:"C:\Program Files\dotnet\packs\Microsoft.NETCore.App.Ref\8.0.8\ref\net8.0\System.Net.Security.dll" /reference:"C:\Program Files\dotnet\packs\Microsoft.NETCore.App.Ref\8.0.8\ref\net8.0\System.Net.ServicePoint.dll" /reference:"C:\Program Files\dotnet\packs\Microsoft.NETCore.App.Ref\8.0.8\ref\net8.0\System.Net.Sockets.dll" /reference:"C:\Program Files\dotnet\packs\Microsoft.NETCore.App.Ref\8.0.8\ref\net8.0\System.Net.WebClient.dll" /reference:"C:\Program Files\dotnet\packs\Microsoft.NETCore.App.Ref\8.0.8\ref\net8.0\System.Net.WebHeaderCollection.dll" /reference:"C:\Program Files\dotnet\packs\Microsoft.NETCore.App.Ref\8.0.8\ref\net8.0\System.Net.WebProxy.dll" /reference:"C:\Program Files\dotnet\packs\Microsoft.NETCore.App.Ref\8.0.8\ref\net8.0\System.Net.WebSockets.Client.dll" /reference:"C:\Program Files\dotnet\packs\Microsoft.NETCore.App.Ref\8.0.8\ref\net8.0\System.Net.WebSockets.dll" /reference:"C:\Program Files\dotnet\packs\Microsoft.NETCore.App.Ref\8.0.8\ref\net8.0\System.Numerics.dll" /reference:"C:\Program Files\dotnet\packs\Microsoft.NETCore.App.Ref\8.0.8\ref\net8.0\System.Numerics.Vectors.dll" /reference:"C:\Program Files\dotnet\packs\Microsoft.NETCore.App.Ref\8.0.8\ref\net8.0\System.ObjectModel.dll" /reference:"C:\Program Files\dotnet\packs\Microsoft.WindowsDesktop.App.Ref\8.0.8\ref\net8.0\System.Printing.dll" /reference:"C:\Program Files\dotnet\packs\Microsoft.NETCore.App.Ref\8.0.8\ref\net8.0\System.Reflection.DispatchProxy.dll" /reference:"C:\Program Files\dotnet\packs\Microsoft.NETCore.App.Ref\8.0.8\ref\net8.0\System.Reflection.dll" /reference:"C:\Program Files\dotnet\packs\Microsoft.NETCore.App.Ref\8.0.8\ref\net8.0\System.Reflection.Emit.dll" /reference:"C:\Program Files\dotnet\packs\Microsoft.NETCore.App.Ref\8.0.8\ref\net8.0\System.Reflection.Emit.ILGeneration.dll" /reference:"C:\Program Files\dotnet\packs\Microsoft.NETCore.App.Ref\8.0.8\ref\net8.0\System.Reflection.Emit.Lightweight.dll" /reference:"C:\Program Files\dotnet\packs\Microsoft.NETCore.App.Ref\8.0.8\ref\net8.0\System.Reflection.Extensions.dll" /reference:"C:\Program Files\dotnet\packs\Microsoft.NETCore.App.Ref\8.0.8\ref\net8.0\System.Reflection.Metadata.dll" /reference:"C:\Program Files\dotnet\packs\Microsoft.NETCore.App.Ref\8.0.8\ref\net8.0\System.Reflection.Primitives.dll" /reference:"C:\Program Files\dotnet\packs\Microsoft.NETCore.App.Ref\8.0.8\ref\net8.0\System.Reflection.TypeExtensions.dll" /reference:"C:\Program Files\dotnet\packs\Microsoft.WindowsDesktop.App.Ref\8.0.8\ref\net8.0\System.Resources.Extensions.dll" /reference:"C:\Program Files\dotnet\packs\Microsoft.NETCore.App.Ref\8.0.8\ref\net8.0\System.Resources.Reader.dll" /reference:"C:\Program Files\dotnet\packs\Microsoft.NETCore.App.Ref\8.0.8\ref\net8.0\System.Resources.ResourceManager.dll" /reference:"C:\Program Files\dotnet\packs\Microsoft.NETCore.App.Ref\8.0.8\ref\net8.0\System.Resources.Writer.dll" /reference:"C:\Program Files\dotnet\packs\Microsoft.NETCore.App.Ref\8.0.8\ref\net8.0\System.Runtime.CompilerServices.Unsafe.dll" /reference:"C:\Program Files\dotnet\packs\Microsoft.NETCore.App.Ref\8.0.8\ref\net8.0\System.Runtime.CompilerServices.VisualC.dll" /reference:"C:\Program Files\dotnet\packs\Microsoft.NETCore.App.Ref\8.0.8\ref\net8.0\System.Runtime.dll" /reference:"C:\Program Files\dotnet\packs\Microsoft.NETCore.App.Ref\8.0.8\ref\net8.0\System.Runtime.Extensions.dll" /reference:"C:\Program Files\dotnet\packs\Microsoft.NETCore.App.Ref\8.0.8\ref\net8.0\System.Runtime.Handles.dll" /reference:"C:\Program Files\dotnet\packs\Microsoft.NETCore.App.Ref\8.0.8\ref\net8.0\System.Runtime.InteropServices.dll" /reference:"C:\Program Files\dotnet\packs\Microsoft.NETCore.App.Ref\8.0.8\ref\net8.0\System.Runtime.InteropServices.JavaScript.dll" /reference:"C:\Program Files\dotnet\packs\Microsoft.NETCore.App.Ref\8.0.8\ref\net8.0\System.Runtime.InteropServices.RuntimeInformation.dll" /reference:"C:\Program Files\dotnet\packs\Microsoft.NETCore.App.Ref\8.0.8\ref\net8.0\System.Runtime.Intrinsics.dll" /reference:"C:\Program Files\dotnet\packs\Microsoft.NETCore.App.Ref\8.0.8\ref\net8.0\System.Runtime.Loader.dll" /reference:"C:\Program Files\dotnet\packs\Microsoft.NETCore.App.Ref\8.0.8\ref\net8.0\System.Runtime.Numerics.dll" /reference:"C:\Program Files\dotnet\packs\Microsoft.NETCore.App.Ref\8.0.8\ref\net8.0\System.Runtime.Serialization.dll" /reference:"C:\Program Files\dotnet\packs\Microsoft.NETCore.App.Ref\8.0.8\ref\net8.0\System.Runtime.Serialization.Formatters.dll" /reference:"C:\Program Files\dotnet\packs\Microsoft.NETCore.App.Ref\8.0.8\ref\net8.0\System.Runtime.Serialization.Json.dll" /reference:"C:\Program Files\dotnet\packs\Microsoft.NETCore.App.Ref\8.0.8\ref\net8.0\System.Runtime.Serialization.Primitives.dll" /reference:"C:\Program Files\dotnet\packs\Microsoft.NETCore.App.Ref\8.0.8\ref\net8.0\System.Runtime.Serialization.Xml.dll" /reference:"C:\Program Files\dotnet\packs\Microsoft.NETCore.App.Ref\8.0.8\ref\net8.0\System.Security.AccessControl.dll" /reference:"C:\Program Files\dotnet\packs\Microsoft.NETCore.App.Ref\8.0.8\ref\net8.0\System.Security.Claims.dll" /reference:"C:\Program Files\dotnet\packs\Microsoft.NETCore.App.Ref\8.0.8\ref\net8.0\System.Security.Cryptography.Algorithms.dll" /reference:"C:\Program Files\dotnet\packs\Microsoft.NETCore.App.Ref\8.0.8\ref\net8.0\System.Security.Cryptography.Cng.dll" /reference:"C:\Program Files\dotnet\packs\Microsoft.NETCore.App.Ref\8.0.8\ref\net8.0\System.Security.Cryptography.Csp.dll" /reference:"C:\Program Files\dotnet\packs\Microsoft.NETCore.App.Ref\8.0.8\ref\net8.0\System.Security.Cryptography.dll" /reference:"C:\Program Files\dotnet\packs\Microsoft.NETCore.App.Ref\8.0.8\ref\net8.0\System.Security.Cryptography.Encoding.dll" /reference:"C:\Program Files\dotnet\packs\Microsoft.NETCore.App.Ref\8.0.8\ref\net8.0\System.Security.Cryptography.OpenSsl.dll" /reference:"C:\Program Files\dotnet\packs\Microsoft.WindowsDesktop.App.Ref\8.0.8\ref\net8.0\System.Security.Cryptography.Pkcs.dll" /reference:"C:\Program Files\dotnet\packs\Microsoft.NETCore.App.Ref\8.0.8\ref\net8.0\System.Security.Cryptography.Primitives.dll" /reference:"C:\Program Files\dotnet\packs\Microsoft.WindowsDesktop.App.Ref\8.0.8\ref\net8.0\System.Security.Cryptography.ProtectedData.dll" /reference:"C:\Program Files\dotnet\packs\Microsoft.NETCore.App.Ref\8.0.8\ref\net8.0\System.Security.Cryptography.X509Certificates.dll" /reference:"C:\Program Files\dotnet\packs\Microsoft.WindowsDesktop.App.Ref\8.0.8\ref\net8.0\System.Security.Cryptography.Xml.dll" /reference:"C:\Program Files\dotnet\packs\Microsoft.NETCore.App.Ref\8.0.8\ref\net8.0\System.Security.dll" /reference:"C:\Program Files\dotnet\packs\Microsoft.WindowsDesktop.App.Ref\8.0.8\ref\net8.0\System.Security.Permissions.dll" /reference:"C:\Program Files\dotnet\packs\Microsoft.NETCore.App.Ref\8.0.8\ref\net8.0\System.Security.Principal.dll" /reference:"C:\Program Files\dotnet\packs\Microsoft.NETCore.App.Ref\8.0.8\ref\net8.0\System.Security.Principal.Windows.dll" /reference:"C:\Program Files\dotnet\packs\Microsoft.NETCore.App.Ref\8.0.8\ref\net8.0\System.Security.SecureString.dll" /reference:"C:\Program Files\dotnet\packs\Microsoft.NETCore.App.Ref\8.0.8\ref\net8.0\System.ServiceModel.Web.dll" /reference:"C:\Program Files\dotnet\packs\Microsoft.NETCore.App.Ref\8.0.8\ref\net8.0\System.ServiceProcess.dll" /reference:"C:\Program Files\dotnet\packs\Microsoft.NETCore.App.Ref\8.0.8\ref\net8.0\System.Text.Encoding.CodePages.dll" /reference:"C:\Program Files\dotnet\packs\Microsoft.NETCore.App.Ref\8.0.8\ref\net8.0\System.Text.Encoding.dll" /reference:"C:\Program Files\dotnet\packs\Microsoft.NETCore.App.Ref\8.0.8\ref\net8.0\System.Text.Encoding.Extensions.dll" /reference:"C:\Program Files\dotnet\packs\Microsoft.NETCore.App.Ref\8.0.8\ref\net8.0\System.Text.Encodings.Web.dll" /reference:"C:\Program Files\dotnet\packs\Microsoft.NETCore.App.Ref\8.0.8\ref\net8.0\System.Text.Json.dll" /reference:"C:\Program Files\dotnet\packs\Microsoft.NETCore.App.Ref\8.0.8\ref\net8.0\System.Text.RegularExpressions.dll" /reference:"C:\Program Files\dotnet\packs\Microsoft.WindowsDesktop.App.Ref\8.0.8\ref\net8.0\System.Threading.AccessControl.dll" /reference:"C:\Program Files\dotnet\packs\Microsoft.NETCore.App.Ref\8.0.8\ref\net8.0\System.Threading.Channels.dll" /reference:"C:\Program Files\dotnet\packs\Microsoft.NETCore.App.Ref\8.0.8\ref\net8.0\System.Threading.dll" /reference:"C:\Program Files\dotnet\packs\Microsoft.NETCore.App.Ref\8.0.8\ref\net8.0\System.Threading.Overlapped.dll" /reference:"C:\Program Files\dotnet\packs\Microsoft.NETCore.App.Ref\8.0.8\ref\net8.0\System.Threading.Tasks.Dataflow.dll" /reference:"C:\Program Files\dotnet\packs\Microsoft.NETCore.App.Ref\8.0.8\ref\net8.0\System.Threading.Tasks.dll" /reference:"C:\Program Files\dotnet\packs\Microsoft.NETCore.App.Ref\8.0.8\ref\net8.0\System.Threading.Tasks.Extensions.dll" /reference:"C:\Program Files\dotnet\packs\Microsoft.NETCore.App.Ref\8.0.8\ref\net8.0\System.Threading.Tasks.Parallel.dll" /reference:"C:\Program Files\dotnet\packs\Microsoft.NETCore.App.Ref\8.0.8\ref\net8.0\System.Threading.Thread.dll" /reference:"C:\Program Files\dotnet\packs\Microsoft.NETCore.App.Ref\8.0.8\ref\net8.0\System.Threading.ThreadPool.dll" /reference:"C:\Program Files\dotnet\packs\Microsoft.NETCore.App.Ref\8.0.8\ref\net8.0\System.Threading.Timer.dll" /reference:"C:\Program Files\dotnet\packs\Microsoft.NETCore.App.Ref\8.0.8\ref\net8.0\System.Transactions.dll" /reference:"C:\Program Files\dotnet\packs\Microsoft.NETCore.App.Ref\8.0.8\ref\net8.0\System.Transactions.Local.dll" /reference:"C:\Program Files\dotnet\packs\Microsoft.NETCore.App.Ref\8.0.8\ref\net8.0\System.ValueTuple.dll" /reference:"C:\Program Files\dotnet\packs\Microsoft.NETCore.App.Ref\8.0.8\ref\net8.0\System.Web.dll" /reference:"C:\Program Files\dotnet\packs\Microsoft.NETCore.App.Ref\8.0.8\ref\net8.0\System.Web.HttpUtility.dll" /reference:"C:\Program Files\dotnet\packs\Microsoft.WindowsDesktop.App.Ref\8.0.8\ref\net8.0\System.Windows.Controls.Ribbon.dll" /reference:"C:\Program Files\dotnet\packs\Microsoft.NETCore.App.Ref\8.0.8\ref\net8.0\System.Windows.dll" /reference:"C:\Program Files\dotnet\packs\Microsoft.WindowsDesktop.App.Ref\8.0.8\ref\net8.0\System.Windows.Extensions.dll" /reference:"C:\Program Files\dotnet\packs\Microsoft.WindowsDesktop.App.Ref\8.0.8\ref\net8.0\System.Windows.Forms.Design.dll" /reference:"C:\Program Files\dotnet\packs\Microsoft.WindowsDesktop.App.Ref\8.0.8\ref\net8.0\System.Windows.Forms.Design.Editors.dll" /reference:"C:\Program Files\dotnet\packs\Microsoft.WindowsDesktop.App.Ref\8.0.8\ref\net8.0\System.Windows.Forms.dll" /reference:"C:\Program Files\dotnet\packs\Microsoft.WindowsDesktop.App.Ref\8.0.8\ref\net8.0\System.Windows.Forms.Primitives.dll" /reference:"C:\Program Files\dotnet\packs\Microsoft.WindowsDesktop.App.Ref\8.0.8\ref\net8.0\System.Windows.Input.Manipulations.dll" /reference:"C:\Program Files\dotnet\packs\Microsoft.WindowsDesktop.App.Ref\8.0.8\ref\net8.0\System.Windows.Presentation.dll" /reference:"C:\Program Files\dotnet\packs\Microsoft.WindowsDesktop.App.Ref\8.0.8\ref\net8.0\System.Xaml.dll" /reference:"C:\Program Files\dotnet\packs\Microsoft.NETCore.App.Ref\8.0.8\ref\net8.0\System.Xml.dll" /reference:"C:\Program Files\dotnet\packs\Microsoft.NETCore.App.Ref\8.0.8\ref\net8.0\System.Xml.Linq.dll" /reference:"C:\Program Files\dotnet\packs\Microsoft.NETCore.App.Ref\8.0.8\ref\net8.0\System.Xml.ReaderWriter.dll" /reference:"C:\Program Files\dotnet\packs\Microsoft.NETCore.App.Ref\8.0.8\ref\net8.0\System.Xml.Serialization.dll" /reference:"C:\Program Files\dotnet\packs\Microsoft.NETCore.App.Ref\8.0.8\ref\net8.0\System.Xml.XDocument.dll" /reference:"C:\Program Files\dotnet\packs\Microsoft.NETCore.App.Ref\8.0.8\ref\net8.0\System.Xml.XmlDocument.dll" /reference:"C:\Program Files\dotnet\packs\Microsoft.NETCore.App.Ref\8.0.8\ref\net8.0\System.Xml.XmlSerializer.dll" /reference:"C:\Program Files\dotnet\packs\Microsoft.NETCore.App.Ref\8.0.8\ref\net8.0\System.Xml.XPath.dll" /reference:"C:\Program Files\dotnet\packs\Microsoft.NETCore.App.Ref\8.0.8\ref\net8.0\System.Xml.XPath.XDocument.dll" /reference:"C:\Program Files\dotnet\packs\Microsoft.WindowsDesktop.App.Ref\8.0.8\ref\net8.0\UIAutomationClient.dll" /reference:"C:\Program Files\dotnet\packs\Microsoft.WindowsDesktop.App.Ref\8.0.8\ref\net8.0\UIAutomationClientSideProviders.dll" /reference:"C:\Program Files\dotnet\packs\Microsoft.WindowsDesktop.App.Ref\8.0.8\ref\net8.0\UIAutomationProvider.dll" /reference:"C:\Program Files\dotnet\packs\Microsoft.WindowsDesktop.App.Ref\8.0.8\ref\net8.0\UIAutomationTypes.dll" /reference:"C:\Program Files\dotnet\packs\Microsoft.WindowsDesktop.App.Ref\8.0.8\ref\net8.0\WindowsBase.dll" /reference:"C:\Program Files\dotnet\packs\Microsoft.WindowsDesktop.App.Ref\8.0.8\ref\net8.0\WindowsFormsIntegration.dll" /debug+ /debug:portable /filealign:512 /optimize- /out:obj\Debug\net8.0-windows\PersonalAiOverlay.App.dll /refout:obj\Debug\net8.0-windows\refint\PersonalAiOverlay.App.dll /target:winexe /warnaserror- /utf8output /deterministic+ /sourcelink:obj\Debug\net8.0-windows\PersonalAiOverlay.App_jl2j1hnf_wpftmp.sourcelink.json /langversion:12.0 /embed:C:\Users\LENOVO\Desktop\personalAi\PersonalAiOverlay.App\obj\Debug\net8.0-windows\DevLogWindow.g.cs /embed:C:\Users\LENOVO\Desktop\personalAi\PersonalAiOverlay.App\obj\Debug\net8.0-windows\MainWindow.g.cs /embed:C:\Users\LENOVO\Desktop\personalAi\PersonalAiOverlay.App\obj\Debug\net8.0-windows\ProfileWindow.g.cs /embed:C:\Users\LENOVO\Desktop\personalAi\PersonalAiOverlay.App\obj\Debug\net8.0-windows\SettingsWindow.g.cs /embed:C:\Users\LENOVO\Desktop\personalAi\PersonalAiOverlay.App\obj\Debug\net8.0-windows\App.g.cs /embed:"obj\Debug\net8.0-windows\.NETCoreApp,Version=v8.0.AssemblyAttributes.cs" /embed:obj\Debug\net8.0-windows\PersonalAiOverlay.App_jl2j1hnf_wpftmp.AssemblyInfo.cs /embed:obj\Debug\net8.0-windows\PersonalAiOverlay.App_jl2j1hnf_wpftmp.GlobalUsings.g.cs /analyzerconfig:obj\Debug\net8.0-windows\PersonalAiOverlay.App_jl2j1hnf_wpftmp.GeneratedMSBuildEditorConfig.editorconfig /analyzerconfig:"C:\Program Files\dotnet\sdk\8.0.401\Sdks\Microsoft.NET.Sdk\analyzers\build\config\analysislevel_8_default.globalconfig" /analyzer:"C:\Program Files\dotnet\sdk\8.0.401\Sdks\Microsoft.NET.Sdk\targets\..\analyzers\Microsoft.CodeAnalysis.CSharp.NetAnalyzers.dll" /analyzer:"C:\Program Files\dotnet\sdk\8.0.401\Sdks\Microsoft.NET.Sdk\targets\..\analyzers\Microsoft.CodeAnalysis.NetAnalyzers.dll" /analyzer:"C:\Program Files\dotnet\packs\Microsoft.NETCore.App.Ref\8.0.8\analyzers/dotnet/cs/Microsoft.Interop.ComInterfaceGenerator.dll" /analyzer:"C:\Program Files\dotnet\packs\Microsoft.NETCore.App.Ref\8.0.8\analyzers/dotnet/cs/Microsoft.Interop.JavaScript.JSImportGenerator.dll" /analyzer:"C:\Program Files\dotnet\packs\Microsoft.NETCore.App.Ref\8.0.8\analyzers/dotnet/cs/Microsoft.Interop.LibraryImportGenerator.dll" /analyzer:"C:\Program Files\dotnet\packs\Microsoft.NETCore.App.Ref\8.0.8\analyzers/dotnet/cs/Microsoft.Interop.SourceGeneration.dll" /analyzer:"C:\Program Files\dotnet\packs\Microsoft.NETCore.App.Ref\8.0.8\analyzers/dotnet/cs/System.Text.Json.SourceGeneration.dll" /analyzer:"C:\Program Files\dotnet\packs\Microsoft.NETCore.App.Ref\8.0.8\analyzers/dotnet/cs/System.Text.RegularExpressions.Generator.dll" /analyzer:"C:\Program Files\dotnet\packs\Microsoft.WindowsDesktop.App.Ref\8.0.8\analyzers/dotnet/System.Windows.Forms.Analyzers.dll" /analyzer:"C:\Program Files\dotnet\packs\Microsoft.WindowsDesktop.App.Ref\8.0.8\analyzers/dotnet/cs/System.Windows.Forms.Analyzers.CSharp.dll" App.xaml.cs AssemblyInfo.cs Constants.cs DevLogWindow.xaml.cs Interop\ActivityNativeMethods.cs Interop\NativeMethods.cs MainWindow.xaml.cs Models\ActivitySample.cs Models\AppSettings.cs Models\HourlySummary.cs Models\MemoryData.cs Models\MemoryEntry.cs ProfileWindow.xaml.cs Services\Collectors\ForegroundWindowCollector.cs Services\Collectors\IdleTimeProvider.cs Services\Collectors\ScreenshotCapturer.cs Services\CooldownService.cs Services\DevLog.cs Services\EmotionStateMachine.cs Services\EventSummarizer.cs Services\GlobalHotkeyService.cs Services\Logging\ActivityLoggingService.cs Services\Logging\ActivityLogPaths.cs Services\Logging\ActivitySampleStore.cs Services\MemoryLearner.cs Services\MemoryRules.cs Services\MemoryStore.cs Services\OllamaClient.cs Services\Ollama\OllamaProcessManager.cs Services\PersonalityBiasService.cs Services\PlatformClock.cs Services\PromptBuilder.cs Services\ReactionTemplates.cs Services\ResponseCache.cs Services\SettingsService.cs Services\SystemUsageMonitor.cs Services\TimeOfDayService.cs Services\UrlOpener.cs Services\WpfClipboard.cs SettingsWindow.xaml.cs ViewModels\AsyncRelayCommand.cs ViewModels\OverlayViewModel.cs ViewModels\RelayCommand.cs C:\Users\LENOVO\Desktop\personalAi\PersonalAiOverlay.App\obj\Debug\net8.0-windows\DevLogWindow.g.cs C:\Users\LENOVO\Desktop\personalAi\PersonalAiOverlay.App\obj\Debug\net8.0-windows\MainWindow.g.cs C:\Users\LENOVO\Desktop\personalAi\PersonalAiOverlay.App\obj\Debug\net8.0-windows\ProfileWindow.g.cs C:\Users\LENOVO\Desktop\personalAi\PersonalAiOverlay.App\obj\Debug\net8.0-windows\SettingsWindow.g.cs C:\Users\LENOVO\Desktop\personalAi\PersonalAiOverlay.App\obj\Debug\net8.0-windows\App.g.cs "obj\Debug\net8.0-windows\.NETCoreApp,Version=v8.0.AssemblyAttributes.cs" obj\Debug\net8.0-windows\PersonalAiOverlay.App_jl2j1hnf_wpftmp.AssemblyInfo.cs obj\Debug\net8.0-windows\PersonalAiOverlay.App_jl2j1hnf_wpftmp.GlobalUsings.g.cs /warnaserror+:NU1605,SYSLIB0011
     3>C:\Users\LENOVO\Desktop\personalAi\PersonalAiOverlay.App\MainWindow.xaml.cs(67,13): error CS0103: The name 'LoadingOverlay' does not exist in the current context [C:\Users\LENOVO\Desktop\personalAi\PersonalAiOverlay.App\PersonalAiOverlay.App_jl2j1hnf_wpftmp.csproj]
     3>C:\Users\LENOVO\Desktop\personalAi\PersonalAiOverlay.App\MainWindow.xaml.cs(68,13): error CS0103: The name 'InputTextBox' does not exist in the current context [C:\Users\LENOVO\Desktop\personalAi\PersonalAiOverlay.App\PersonalAiOverlay.App_jl2j1hnf_wpftmp.csproj]
     3>C:\Users\LENOVO\Desktop\personalAi\PersonalAiOverlay.App\MainWindow.xaml.cs(69,13): error CS0103: The name 'SendButton' does not exist in the current context [C:\Users\LENOVO\Desktop\personalAi\PersonalAiOverlay.App\PersonalAiOverlay.App_jl2j1hnf_wpftmp.csproj]
     3>C:\Users\LENOVO\Desktop\personalAi\PersonalAiOverlay.App\MainWindow.xaml.cs(73,13): error CS0103: The name 'LoadingOverlay' does not exist in the current context [C:\Users\LENOVO\Desktop\personalAi\PersonalAiOverlay.App\PersonalAiOverlay.App_jl2j1hnf_wpftmp.csproj]
     3>C:\Users\LENOVO\Desktop\personalAi\PersonalAiOverlay.App\MainWindow.xaml.cs(74,13): error CS0103: The name 'InputTextBox' does not exist in the current context [C:\Users\LENOVO\Desktop\personalAi\PersonalAiOverlay.App\PersonalAiOverlay.App_jl2j1hnf_wpftmp.csproj]
     3>C:\Users\LENOVO\Desktop\personalAi\PersonalAiOverlay.App\MainWindow.xaml.cs(75,13): error CS0103: The name 'SendButton' does not exist in the current context [C:\Users\LENOVO\Desktop\personalAi\PersonalAiOverlay.App\PersonalAiOverlay.App_jl2j1hnf_wpftmp.csproj]
     3>C:\Users\LENOVO\Desktop\personalAi\PersonalAiOverlay.App\MainWindow.xaml.cs(76,13): error CS0103: The name 'InputTextBox' does not exist in the current context [C:\Users\LENOVO\Desktop\personalAi\PersonalAiOverlay.App\PersonalAiOverlay.App_jl2j1hnf_wpftmp.csproj]
     3>C:\Users\LENOVO\Desktop\personalAi\PersonalAiOverlay.App\Services\OllamaClient.cs(184,37): warning CS8604: Possible null reference argument for parameter 'userInput' in 'void ResponseCache.Set(string contextHash, string userInput, string reply, string emotion)'. [C:\Users\LENOVO\Desktop\personalAi\PersonalAiOverlay.App\PersonalAiOverlay.App_jl2j1hnf_wpftmp.csproj]
     3>C:\Users\LENOVO\Desktop\personalAi\PersonalAiOverlay.App\Services\OllamaClient.cs(247,37): warning CS8604: Possible null reference argument for parameter 'userInput' in 'void ResponseCache.Set(string contextHash, string userInput, string reply, string emotion)'. [C:\Users\LENOVO\Desktop\personalAi\PersonalAiOverlay.App\PersonalAiOverlay.App_jl2j1hnf_wpftmp.csproj]
     3>C:\Users\LENOVO\Desktop\personalAi\PersonalAiOverlay.App\Services\OllamaClient.cs(258,33): warning CS8604: Possible null reference argument for parameter 'userInput' in 'void ResponseCache.Set(string contextHash, string userInput, string reply, string emotion)'. [C:\Users\LENOVO\Desktop\personalAi\PersonalAiOverlay.App\PersonalAiOverlay.App_jl2j1hnf_wpftmp.csproj]
         CompilerServer: server - server processed compilation - PersonalAiOverlay.App_jl2j1hnf_wpftmp (net8.0-windows)
     3>Done Building Project "C:\Users\LENOVO\Desktop\personalAi\PersonalAiOverlay.App\PersonalAiOverlay.App_jl2j1hnf_wpftmp.csproj" (_CompileTemporaryAssembly target(s)) -- FAILED.
     1>Done Building Project "C:\Users\LENOVO\Desktop\personalAi\PersonalAiOverlay.App\PersonalAiOverlay.App.csproj" (default targets) -- FAILED.

Build FAILED.

       "C:\Users\LENOVO\Desktop\personalAi\PersonalAiOverlay.App\PersonalAiOverlay.App.csproj" (default target) (1:7) ->
       "C:\Users\LENOVO\Desktop\personalAi\PersonalAiOverlay.App\PersonalAiOverlay.App_jl2j1hnf_wpftmp.csproj" (_CompileTemporaryAssembly target) (3) ->
       (CoreCompile target) -> 
         C:\Users\LENOVO\Desktop\personalAi\PersonalAiOverlay.App\Services\OllamaClient.cs(184,37): warning CS8604: Possible null reference argument for parameter 'userInput' in 'void ResponseCache.Set(string contextHash, string userInput, string reply, string emotion)'. [C:\Users\LENOVO\Desktop\personalAi\PersonalAiOverlay.App\PersonalAiOverlay.App_jl2j1hnf_wpftmp.csproj]
         C:\Users\LENOVO\Desktop\personalAi\PersonalAiOverlay.App\Services\OllamaClient.cs(247,37): warning CS8604: Possible null reference argument for parameter 'userInput' in 'void ResponseCache.Set(string contextHash, string userInput, string reply, string emotion)'. [C:\Users\LENOVO\Desktop\personalAi\PersonalAiOverlay.App\PersonalAiOverlay.App_jl2j1hnf_wpftmp.csproj]
         C:\Users\LENOVO\Desktop\personalAi\PersonalAiOverlay.App\Services\OllamaClient.cs(258,33): warning CS8604: Possible null reference argument for parameter 'userInput' in 'void ResponseCache.Set(string contextHash, string userInput, string reply, string emotion)'. [C:\Users\LENOVO\Desktop\personalAi\PersonalAiOverlay.App\PersonalAiOverlay.App_jl2j1hnf_wpftmp.csproj]


       "C:\Users\LENOVO\Desktop\personalAi\PersonalAiOverlay.App\PersonalAiOverlay.App.csproj" (default target) (1:7) ->
       "C:\Users\LENOVO\Desktop\personalAi\PersonalAiOverlay.App\PersonalAiOverlay.App_jl2j1hnf_wpftmp.csproj" (_CompileTemporaryAssembly target) (3) ->
       (CoreCompile target) -> 
         C:\Users\LENOVO\Desktop\personalAi\PersonalAiOverlay.App\MainWindow.xaml.cs(67,13): error CS0103: The name 'LoadingOverlay' does not exist in the current context [C:\Users\LENOVO\Desktop\personalAi\PersonalAiOverlay.App\PersonalAiOverlay.App_jl2j1hnf_wpftmp.csproj]
         C:\Users\LENOVO\Desktop\personalAi\PersonalAiOverlay.App\MainWindow.xaml.cs(68,13): error CS0103: The name 'InputTextBox' does not exist in the current context [C:\Users\LENOVO\Desktop\personalAi\PersonalAiOverlay.App\PersonalAiOverlay.App_jl2j1hnf_wpftmp.csproj]
         C:\Users\LENOVO\Desktop\personalAi\PersonalAiOverlay.App\MainWindow.xaml.cs(69,13): error CS0103: The name 'SendButton' does not exist in the current context [C:\Users\LENOVO\Desktop\personalAi\PersonalAiOverlay.App\PersonalAiOverlay.App_jl2j1hnf_wpftmp.csproj]
         C:\Users\LENOVO\Desktop\personalAi\PersonalAiOverlay.App\MainWindow.xaml.cs(73,13): error CS0103: The name 'LoadingOverlay' does not exist in the current context [C:\Users\LENOVO\Desktop\personalAi\PersonalAiOverlay.App\PersonalAiOverlay.App_jl2j1hnf_wpftmp.csproj]
         C:\Users\LENOVO\Desktop\personalAi\PersonalAiOverlay.App\MainWindow.xaml.cs(74,13): error CS0103: The name 'InputTextBox' does not exist in the current context [C:\Users\LENOVO\Desktop\personalAi\PersonalAiOverlay.App\PersonalAiOverlay.App_jl2j1hnf_wpftmp.csproj]
         C:\Users\LENOVO\Desktop\personalAi\PersonalAiOverlay.App\MainWindow.xaml.cs(75,13): error CS0103: The name 'SendButton' does not exist in the current context [C:\Users\LENOVO\Desktop\personalAi\PersonalAiOverlay.App\PersonalAiOverlay.App_jl2j1hnf_wpftmp.csproj]
         C:\Users\LENOVO\Desktop\personalAi\PersonalAiOverlay.App\MainWindow.xaml.cs(76,13): error CS0103: The name 'InputTextBox' does not exist in the current context [C:\Users\LENOVO\Desktop\personalAi\PersonalAiOverlay.App\PersonalAiOverlay.App_jl2j1hnf_wpftmp.csproj]

    3 Warning(s)
    7 Error(s)

Time Elapsed 00:00:01.80
