  Determining projects to restore...
  All projects are up-to-date for restore.
  TsukiAI.Core -> C:\Users\LENOVO\Desktop\personalAi\TsukiAI.Core\bin\Debug\net8.0\TsukiAI.Core.dll
C:\Users\LENOVO\Desktop\personalAi\TsukiAI.Desktop\Services\PromptBuilder.cs(94,16): error CS9006: The interpolated raw string literal does not start with enough '$' characters to allow this many consecutive opening braces as content. [C:\Users\LENOVO\Desktop\personalAi\TsukiAI.Desktop\TsukiAI.Desktop_r2nxeebx_wpftmp.csproj]
C:\Users\LENOVO\Desktop\personalAi\TsukiAI.Desktop\Services\PromptBuilder.cs(94,18): error CS1733: Expected expression [C:\Users\LENOVO\Desktop\personalAi\TsukiAI.Desktop\TsukiAI.Desktop_r2nxeebx_wpftmp.csproj]

Build FAILED.

C:\Users\LENOVO\Desktop\personalAi\TsukiAI.Desktop\Services\PromptBuilder.cs(94,16): error CS9006: The interpolated raw string literal does not start with enough '$' characters to allow this many consecutive opening braces as content. [C:\Users\LENOVO\Desktop\personalAi\TsukiAI.Desktop\TsukiAI.Desktop_r2nxeebx_wpftmp.csproj]
C:\Users\LENOVO\Desktop\personalAi\TsukiAI.Desktop\Services\PromptBuilder.cs(94,18): error CS1733: Expected expression [C:\Users\LENOVO\Desktop\personalAi\TsukiAI.Desktop\TsukiAI.Desktop_r2nxeebx_wpftmp.csproj]
    0 Warning(s)
    2 Error(s)

Time Elapsed 00:00:01.64
